2026-01-12T18:03:56.868250324Z
2026-01-12T18:03:59.221603804Z /home/airflow/.local/lib/python3.12/site-packages/airflow/providers/fab/auth_manager/fab_auth_manager.py:108 RemovedInAirflow4Warning: The airflow.security.permissions module is deprecated; please see https://airflow.apache.org/docs/apache-airflow/stable/security/deprecated_permissions.html
2026-01-12T18:04:02.161458729Z /home/airflow/.local/lib/python3.12/site-packages/airflow/providers/fab/auth_manager/fab_auth_manager.py:108 RemovedInAirflow4Warning: The airflow.security.permissions module is deprecated; please see https://airflow.apache.org/docs/apache-airflow/stable/security/deprecated_permissions.html
2026-01-12T18:04:02.869644278Z BACKEND=redis
2026-01-12T18:04:02.869687860Z DB_HOST=redis
2026-01-12T18:04:02.869698196Z DB_PORT=6379
2026-01-12T18:04:02.905345657Z
2026-01-12T18:04:05.228031379Z /home/airflow/.local/lib/python3.12/site-packages/airflow/providers/fab/auth_manager/fab_auth_manager.py:108 RemovedInAirflow4Warning: The airflow.security.permissions module is deprecated; please see https://airflow.apache.org/docs/apache-airflow/stable/security/deprecated_permissions.html
2026-01-12T18:04:06.047008192Z 2026-01-12T18:04:06.046324Z [info     ] starting stale bundle cleanup process [airflow.providers.celery.cli.celery_command] loc=celery_command.py:141
2026-01-12T18:04:06.050448283Z 2026-01-12T18:04:06.049823Z [info     ] Starting log server on http://[::]:8793 [airflow.utils.serve_logs.core] loc=core.py:50
2026-01-12T18:04:06.187058983Z WARNING:  ASGI app factory detected. Using it, but please consider setting the --factory flag explicitly.
2026-01-12T18:04:06.187730868Z INFO:     Started server process [26]
2026-01-12T18:04:06.187775497Z INFO:     Waiting for application startup.
2026-01-12T18:04:06.188196368Z INFO:     Application startup complete.
2026-01-12T18:04:06.188913371Z INFO:     Uvicorn running on http://:8793 (Press CTRL+C to quit)
2026-01-12T18:04:09.651030241Z
2026-01-12T18:04:09.651092680Z  -------------- celery@564c3c10ca69 v5.6.0 (recovery)
2026-01-12T18:04:09.651106928Z --- ***** -----
2026-01-12T18:04:09.651118522Z -- ******* ---- Linux-6.8.0-90-generic-x86_64-with-glibc2.36 2026-01-12 18:04:09
2026-01-12T18:04:09.651129417Z - *** --- * ---
2026-01-12T18:04:09.651139824Z - ** ---------- [config]
2026-01-12T18:04:09.651149951Z - ** ---------- .> app:         airflow.providers.celery.executors.celery_executor:0x7bf22d94ad50
2026-01-12T18:04:09.651166084Z - ** ---------- .> transport:   redis://redis:6379/0
2026-01-12T18:04:09.651175164Z - ** ---------- .> results:     postgresql://airflow:**@postgres/airflow
2026-01-12T18:04:09.651183405Z - *** --- * --- .> concurrency: 16 (prefork)
2026-01-12T18:04:09.651191367Z -- ******* ---- .> task events: OFF (enable -E to monitor tasks in this worker)
2026-01-12T18:04:09.651199469Z --- ***** -----
2026-01-12T18:04:09.651207641Z  -------------- [queues]
2026-01-12T18:04:09.651215323Z                 .> default          exchange=default(direct) key=default
2026-01-12T18:04:09.651236695Z
2026-01-12T18:04:09.653188443Z
2026-01-12T18:04:09.653207091Z [tasks]
2026-01-12T18:04:09.653215193Z   . execute_workload
2026-01-12T18:04:09.653221828Z
2026-01-12T18:04:12.276820170Z 2026-01-12T18:04:12.276327Z [info     ] Connected to redis://redis:6379/0 [celery.worker.consumer.connection] loc=connection.py:22
2026-01-12T18:04:12.280519098Z 2026-01-12T18:04:12.280274Z [info     ] mingle: searching for neighbors [celery.worker.consumer.mingle] loc=mingle.py:40
2026-01-12T18:04:13.290710091Z 2026-01-12T18:04:13.289482Z [info     ] mingle: all alone              [celery.worker.consumer.mingle] loc=mingle.py:49
2026-01-12T18:04:13.317623890Z 2026-01-12T18:04:13.316747Z [info     ] celery@564c3c10ca69 ready.     [celery.apps.worker] loc=worker.py:176
2026-01-12T18:05:01.704752585Z 2026-01-12T18:05:01.704529Z [info     ] Task execute_workload[8d0f373c-7a37-446e-85a2-abb33c4ce456] received [celery.worker.strategy] loc=strategy.py:161
2026-01-12T18:05:01.708128980Z 2026-01-12T18:05:01.707835Z [info     ] Task execute_workload[dd324452-2ccf-4d2c-b99b-604f195537eb] received [celery.worker.strategy] loc=strategy.py:161
2026-01-12T18:05:01.795680649Z 2026-01-12T18:05:01.795203Z [info     ] [dd324452-2ccf-4d2c-b99b-604f195537eb] Executing workload in Celery: token='eyJ***' ti=TaskInstance(id=UUID('019bb361-f3c2-754b-a2d9-7a1fc87bd289'), dag_version_id=UUID('019ba287-0464-7304-9e01-935a3bb99d6a'), task_id='read_data', dag_id='process', run_id='manual__2026-01-12T18:04:58+00:00', try_number=1, map_index=-1, pool_slots=1, queue='default', priority_weight=11, executor_config=None, parent_context_carrier={}, context_carrier={}) dag_rel_path=PurePosixPath('process.py') bundle_info=BundleInfo(name='dags-folder', version=None) log_path='dag_id=process/run_id=manual__2026-01-12T18:04:58+00:00/task_id=read_data/attempt=1.log' type='ExecuteTask' [airflow.providers.celery.executors.celery_executor_utils] loc=celery_executor_utils.py:156
2026-01-12T18:05:01.798299043Z 2026-01-12T18:05:01.797756Z [info     ] [8d0f373c-7a37-446e-85a2-abb33c4ce456] Executing workload in Celery: token='eyJ***' ti=TaskInstance(id=UUID('019bb361-f573-7c94-9d37-eb3d28cc18c1'), dag_version_id=UUID('019ba287-0464-7304-9e01-935a3bb99d6a'), task_id='read_data', dag_id='process', run_id='scheduled__2026-01-12T18:04:39.004540+00:00', try_number=1, map_index=-1, pool_slots=1, queue='default', priority_weight=11, executor_config=None, parent_context_carrier={}, context_carrier={}) dag_rel_path=PurePosixPath('process.py') bundle_info=BundleInfo(name='dags-folder', version=None) log_path='dag_id=process/run_id=scheduled__2026-01-12T18:04:39.004540+00:00/task_id=read_data/attempt=1.log' type='ExecuteTask' [airflow.providers.celery.executors.celery_executor_utils] loc=celery_executor_utils.py:156
2026-01-12T18:05:01.837474179Z 2026-01-12T18:05:01.837108Z [info     ] Secrets backends loaded for worker [supervisor] backend_classes=['EnvironmentVariablesBackend'] count=1 loc=supervisor.py:1975
2026-01-12T18:05:01.837901196Z 2026-01-12T18:05:01.837627Z [info     ] Secrets backends loaded for worker [supervisor] backend_classes=['EnvironmentVariablesBackend'] count=1 loc=supervisor.py:1975
2026-01-12T18:05:06.496132526Z 2026-01-12T18:05:06.495737Z [info     ] Task finished                  [supervisor] duration=4.665253293000205 exit_code=0 final_state=success loc=supervisor.py:1995 task_instance_id=019bb361-f3c2-754b-a2d9-7a1fc87bd289
2026-01-12T18:05:06.499903531Z 2026-01-12T18:05:06.498648Z [info     ] Task finished                  [supervisor] duration=4.665629255001477 exit_code=0 final_state=success loc=supervisor.py:1995 task_instance_id=019bb361-f573-7c94-9d37-eb3d28cc18c1
2026-01-12T18:05:06.504287613Z 2026-01-12T18:05:06.503993Z [info     ] Task execute_workload[dd324452-2ccf-4d2c-b99b-604f195537eb] succeeded in 4.794804526998632s: None [celery.app.trace] loc=trace.py:128
2026-01-12T18:05:06.511617023Z 2026-01-12T18:05:06.510828Z [info     ] Task execute_workload[8d0f373c-7a37-446e-85a2-abb33c4ce456] succeeded in 4.805023459999575s: None [celery.app.trace] loc=trace.py:128
2026-01-12T18:05:06.957243960Z 2026-01-12T18:05:06.956204Z [info     ] Task execute_workload[ef9e5b6b-a3df-41cb-8f52-b72e29fd5cf7] received [celery.worker.strategy] loc=strategy.py:161
2026-01-12T18:05:06.967967784Z 2026-01-12T18:05:06.967654Z [info     ] Task execute_workload[23b0351f-9f9b-44f7-88d3-cf91af48809b] received [celery.worker.strategy] loc=strategy.py:161
2026-01-12T18:05:06.975045132Z 2026-01-12T18:05:06.972934Z [info     ] [ef9e5b6b-a3df-41cb-8f52-b72e29fd5cf7] Executing workload in Celery: token='eyJ***' ti=TaskInstance(id=UUID('019bb361-f3c3-72bb-8544-038961bcd442'), dag_version_id=UUID('019ba287-0464-7304-9e01-935a3bb99d6a'), task_id='analyze_data', dag_id='process', run_id='manual__2026-01-12T18:04:58+00:00', try_number=1, map_index=-1, pool_slots=1, queue='default', priority_weight=10, executor_config=None, parent_context_carrier={}, context_carrier={}) dag_rel_path=PurePosixPath('process.py') bundle_info=BundleInfo(name='dags-folder', version=None) log_path='dag_id=process/run_id=manual__2026-01-12T18:04:58+00:00/task_id=analyze_data/attempt=1.log' type='ExecuteTask' [airflow.providers.celery.executors.celery_executor_utils] loc=celery_executor_utils.py:156
2026-01-12T18:05:06.975088644Z 2026-01-12T18:05:06.974414Z [info     ] Secrets backends loaded for worker [supervisor] backend_classes=['EnvironmentVariablesBackend'] count=1 loc=supervisor.py:1975
2026-01-12T18:05:06.983380832Z 2026-01-12T18:05:06.978700Z [info     ] [23b0351f-9f9b-44f7-88d3-cf91af48809b] Executing workload in Celery: token='eyJ***' ti=TaskInstance(id=UUID('019bb361-f574-77ac-975a-f58662704841'), dag_version_id=UUID('019ba287-0464-7304-9e01-935a3bb99d6a'), task_id='analyze_data', dag_id='process', run_id='scheduled__2026-01-12T18:04:39.004540+00:00', try_number=1, map_index=-1, pool_slots=1, queue='default', priority_weight=10, executor_config=None, parent_context_carrier={}, context_carrier={}) dag_rel_path=PurePosixPath('process.py') bundle_info=BundleInfo(name='dags-folder', version=None) log_path='dag_id=process/run_id=scheduled__2026-01-12T18:04:39.004540+00:00/task_id=analyze_data/attempt=1.log' type='ExecuteTask' [airflow.providers.celery.executors.celery_executor_utils] loc=celery_executor_utils.py:156
2026-01-12T18:05:06.983603839Z 2026-01-12T18:05:06.983324Z [info     ] Secrets backends loaded for worker [supervisor] backend_classes=['EnvironmentVariablesBackend'] count=1 loc=supervisor.py:1975
2026-01-12T18:05:07.823874240Z 2026-01-12T18:05:07.823589Z [info     ] Task finished                  [supervisor] duration=0.8410566870006733 exit_code=0 final_state=success loc=supervisor.py:1995 task_instance_id=019bb361-f574-77ac-975a-f58662704841
2026-01-12T18:05:07.830546152Z 2026-01-12T18:05:07.830164Z [info     ] Task execute_workload[23b0351f-9f9b-44f7-88d3-cf91af48809b] succeeded in 0.8598888050000824s: None [celery.app.trace] loc=trace.py:128
2026-01-12T18:05:07.834773578Z 2026-01-12T18:05:07.834420Z [info     ] Task finished                  [supervisor] duration=0.8607339680002042 exit_code=0 final_state=success loc=supervisor.py:1995 task_instance_id=019bb361-f3c3-72bb-8544-038961bcd442
2026-01-12T18:05:07.840501220Z 2026-01-12T18:05:07.840165Z [info     ] Task execute_workload[ef9e5b6b-a3df-41cb-8f52-b72e29fd5cf7] succeeded in 0.8826690460009559s: None [celery.app.trace] loc=trace.py:128
2026-01-12T18:05:08.364189630Z 2026-01-12T18:05:08.363434Z [info     ] Task execute_workload[dfc811b1-76a0-4e4a-91df-d55f30ad5d1d] received [celery.worker.strategy] loc=strategy.py:161
2026-01-12T18:05:08.370410220Z 2026-01-12T18:05:08.370183Z [info     ] Task execute_workload[50490031-e148-412d-a88a-c769b6a690d6] received [celery.worker.strategy] loc=strategy.py:161
2026-01-12T18:05:08.373958707Z 2026-01-12T18:05:08.373646Z [info     ] [dfc811b1-76a0-4e4a-91df-d55f30ad5d1d] Executing workload in Celery: token='eyJ***' ti=TaskInstance(id=UUID('019bb361-f575-7583-9c42-7c3e9f6e23e7'), dag_version_id=UUID('019ba287-0464-7304-9e01-935a3bb99d6a'), task_id='branch_on_analysis', dag_id='process', run_id='scheduled__2026-01-12T18:04:39.004540+00:00', try_number=1, map_index=-1, pool_slots=1, queue='default', priority_weight=9, executor_config=None, parent_context_carrier={}, context_carrier={}) dag_rel_path=PurePosixPath('process.py') bundle_info=BundleInfo(name='dags-folder', version=None) log_path='dag_id=process/run_id=scheduled__2026-01-12T18:04:39.004540+00:00/task_id=branch_on_analysis/attempt=1.log' type='ExecuteTask' [airflow.providers.celery.executors.celery_executor_utils] loc=celery_executor_utils.py:156
2026-01-12T18:05:08.375398719Z 2026-01-12T18:05:08.375168Z [info     ] Secrets backends loaded for worker [supervisor] backend_classes=['EnvironmentVariablesBackend'] count=1 loc=supervisor.py:1975
2026-01-12T18:05:08.379052668Z 2026-01-12T18:05:08.377492Z [info     ] [50490031-e148-412d-a88a-c769b6a690d6] Executing workload in Celery: token='eyJ***' ti=TaskInstance(id=UUID('019bb361-f3c4-799a-8a3a-88f811e6b76b'), dag_version_id=UUID('019ba287-0464-7304-9e01-935a3bb99d6a'), task_id='branch_on_analysis', dag_id='process', run_id='manual__2026-01-12T18:04:58+00:00', try_number=1, map_index=-1, pool_slots=1, queue='default', priority_weight=9, executor_config=None, parent_context_carrier={}, context_carrier={}) dag_rel_path=PurePosixPath('process.py') bundle_info=BundleInfo(name='dags-folder', version=None) log_path='dag_id=process/run_id=manual__2026-01-12T18:04:58+00:00/task_id=branch_on_analysis/attempt=1.log' type='ExecuteTask' [airflow.providers.celery.executors.celery_executor_utils] loc=celery_executor_utils.py:156
2026-01-12T18:05:08.379081094Z 2026-01-12T18:05:08.378684Z [info     ] Secrets backends loaded for worker [supervisor] backend_classes=['EnvironmentVariablesBackend'] count=1 loc=supervisor.py:1975
2026-01-12T18:05:08.832603654Z 2026-01-12T18:05:08.831277Z [info     ] Task finished                  [supervisor] duration=0.4531479950001085 exit_code=0 final_state=success loc=supervisor.py:1995 task_instance_id=019bb361-f3c4-799a-8a3a-88f811e6b76b
2026-01-12T18:05:08.837728346Z 2026-01-12T18:05:08.837316Z [info     ] Task execute_workload[50490031-e148-412d-a88a-c769b6a690d6] succeeded in 0.4661833949994616s: None [celery.app.trace] loc=trace.py:128
2026-01-12T18:05:08.840391859Z 2026-01-12T18:05:08.840098Z [info     ] Task finished                  [supervisor] duration=0.46554643099989335 exit_code=0 final_state=success loc=supervisor.py:1995 task_instance_id=019bb361-f575-7583-9c42-7c3e9f6e23e7
2026-01-12T18:05:08.845668877Z 2026-01-12T18:05:08.845415Z [info     ] Task execute_workload[dfc811b1-76a0-4e4a-91df-d55f30ad5d1d] succeeded in 0.4805756250007107s: None [celery.app.trace] loc=trace.py:128
2026-01-12T18:05:09.683615060Z 2026-01-12T18:05:09.683364Z [info     ] Task execute_workload[10dcffa5-6293-4bbd-86cc-134fe6bf1c7a] received [celery.worker.strategy] loc=strategy.py:161
2026-01-12T18:05:09.685621146Z 2026-01-12T18:05:09.685409Z [info     ] Task execute_workload[1ca53b03-729d-4977-9084-57d9e0512ad8] received [celery.worker.strategy] loc=strategy.py:161
2026-01-12T18:05:09.693729858Z 2026-01-12T18:05:09.693296Z [info     ] [1ca53b03-729d-4977-9084-57d9e0512ad8] Executing workload in Celery: token='eyJ***' ti=TaskInstance(id=UUID('019bb361-f576-7ada-95de-5d9345935066'), dag_version_id=UUID('019ba287-0464-7304-9e01-935a3bb99d6a'), task_id='process_high_earners', dag_id='process', run_id='scheduled__2026-01-12T18:04:39.004540+00:00', try_number=1, map_index=-1, pool_slots=1, queue='default', priority_weight=7, executor_config=None, parent_context_carrier={}, context_carrier={}) dag_rel_path=PurePosixPath('process.py') bundle_info=BundleInfo(name='dags-folder', version=None) log_path='dag_id=process/run_id=scheduled__2026-01-12T18:04:39.004540+00:00/task_id=process_high_earners/attempt=1.log' type='ExecuteTask' [airflow.providers.celery.executors.celery_executor_utils] loc=celery_executor_utils.py:156
2026-01-12T18:05:09.694912361Z 2026-01-12T18:05:09.694638Z [info     ] Secrets backends loaded for worker [supervisor] backend_classes=['EnvironmentVariablesBackend'] count=1 loc=supervisor.py:1975
2026-01-12T18:05:09.696933602Z 2026-01-12T18:05:09.695601Z [info     ] [10dcffa5-6293-4bbd-86cc-134fe6bf1c7a] Executing workload in Celery: token='eyJ***' ti=TaskInstance(id=UUID('019bb361-f3c5-78b5-92a5-1b9994d68f8d'), dag_version_id=UUID('019ba287-0464-7304-9e01-935a3bb99d6a'), task_id='process_high_earners', dag_id='process', run_id='manual__2026-01-12T18:04:58+00:00', try_number=1, map_index=-1, pool_slots=1, queue='default', priority_weight=7, executor_config=None, parent_context_carrier={}, context_carrier={}) dag_rel_path=PurePosixPath('process.py') bundle_info=BundleInfo(name='dags-folder', version=None) log_path='dag_id=process/run_id=manual__2026-01-12T18:04:58+00:00/task_id=process_high_earners/attempt=1.log' type='ExecuteTask' [airflow.providers.celery.executors.celery_executor_utils] loc=celery_executor_utils.py:156
2026-01-12T18:05:09.698339461Z 2026-01-12T18:05:09.697654Z [info     ] Secrets backends loaded for worker [supervisor] backend_classes=['EnvironmentVariablesBackend'] count=1 loc=supervisor.py:1975
2026-01-12T18:05:10.332585863Z 2026-01-12T18:05:10.330117Z [info     ] Task finished                  [supervisor] duration=0.6337841139993543 exit_code=0 final_state=success loc=supervisor.py:1995 task_instance_id=019bb361-f3c5-78b5-92a5-1b9994d68f8d
2026-01-12T18:05:10.337378314Z 2026-01-12T18:05:10.337049Z [info     ] Task execute_workload[10dcffa5-6293-4bbd-86cc-134fe6bf1c7a] succeeded in 0.6507570939993457s: None [celery.app.trace] loc=trace.py:128
2026-01-12T18:05:10.338980151Z 2026-01-12T18:05:10.338610Z [info     ] Task finished                  [supervisor] duration=0.6445768720004708 exit_code=0 final_state=success loc=supervisor.py:1995 task_instance_id=019bb361-f576-7ada-95de-5d9345935066
2026-01-12T18:05:10.348735888Z 2026-01-12T18:05:10.347949Z [info     ] Task execute_workload[1ca53b03-729d-4977-9084-57d9e0512ad8] succeeded in 0.6615896619987325s: None [celery.app.trace] loc=trace.py:128
2026-01-12T18:05:12.189099193Z 2026-01-12T18:05:12.187839Z [info     ] Task execute_workload[c90dcf54-1dd1-4835-acfa-01d4959df5e5] received [celery.worker.strategy] loc=strategy.py:161
2026-01-12T18:05:12.193878933Z 2026-01-12T18:05:12.193577Z [info     ] Task execute_workload[30203719-58ab-4b1d-b54f-b636a5a3518c] received [celery.worker.strategy] loc=strategy.py:161
2026-01-12T18:05:12.196210205Z 2026-01-12T18:05:12.195850Z [info     ] [c90dcf54-1dd1-4835-acfa-01d4959df5e5] Executing workload in Celery: token='eyJ***' ti=TaskInstance(id=UUID('019bb361-f579-7dca-be66-9edae8a9e485'), dag_version_id=UUID('019ba287-0464-7304-9e01-935a3bb99d6a'), task_id='generate_report', dag_id='process', run_id='scheduled__2026-01-12T18:04:39.004540+00:00', try_number=1, map_index=-1, pool_slots=1, queue='default', priority_weight=5, executor_config=None, parent_context_carrier={}, context_carrier={}) dag_rel_path=PurePosixPath('process.py') bundle_info=BundleInfo(name='dags-folder', version=None) log_path='dag_id=process/run_id=scheduled__2026-01-12T18:04:39.004540+00:00/task_id=generate_report/attempt=1.log' type='ExecuteTask' [airflow.providers.celery.executors.celery_executor_utils] loc=celery_executor_utils.py:156
2026-01-12T18:05:12.202493864Z 2026-01-12T18:05:12.201099Z [info     ] Secrets backends loaded for worker [supervisor] backend_classes=['EnvironmentVariablesBackend'] count=1 loc=supervisor.py:1975
2026-01-12T18:05:12.206757607Z 2026-01-12T18:05:12.205708Z [info     ] [30203719-58ab-4b1d-b54f-b636a5a3518c] Executing workload in Celery: token='eyJ***' ti=TaskInstance(id=UUID('019bb361-f3c8-7de8-9414-b42d4912360c'), dag_version_id=UUID('019ba287-0464-7304-9e01-935a3bb99d6a'), task_id='generate_report', dag_id='process', run_id='manual__2026-01-12T18:04:58+00:00', try_number=1, map_index=-1, pool_slots=1, queue='default', priority_weight=5, executor_config=None, parent_context_carrier={}, context_carrier={}) dag_rel_path=PurePosixPath('process.py') bundle_info=BundleInfo(name='dags-folder', version=None) log_path='dag_id=process/run_id=manual__2026-01-12T18:04:58+00:00/task_id=generate_report/attempt=1.log' type='ExecuteTask' [airflow.providers.celery.executors.celery_executor_utils] loc=celery_executor_utils.py:156
2026-01-12T18:05:12.207604308Z 2026-01-12T18:05:12.207321Z [info     ] Secrets backends loaded for worker [supervisor] backend_classes=['EnvironmentVariablesBackend'] count=1 loc=supervisor.py:1975
2026-01-12T18:05:12.697419884Z 2026-01-12T18:05:12.697108Z [info     ] Task finished                  [supervisor] duration=0.4990720789992338 exit_code=0 final_state=success loc=supervisor.py:1995 task_instance_id=019bb361-f579-7dca-be66-9edae8a9e485
2026-01-12T18:05:12.703666805Z 2026-01-12T18:05:12.703423Z [info     ] Task execute_workload[c90dcf54-1dd1-4835-acfa-01d4959df5e5] succeeded in 0.5142594660010218s: None [celery.app.trace] loc=trace.py:128
2026-01-12T18:05:12.705705297Z 2026-01-12T18:05:12.705413Z [info     ] Task finished                  [supervisor] duration=0.4990259829992283 exit_code=0 final_state=success loc=supervisor.py:1995 task_instance_id=019bb361-f3c8-7de8-9414-b42d4912360c
2026-01-12T18:05:12.710491882Z 2026-01-12T18:05:12.710284Z [info     ] Task execute_workload[30203719-58ab-4b1d-b54f-b636a5a3518c] succeeded in 0.514882042998579s: None [celery.app.trace] loc=trace.py:128
2026-01-12T18:05:13.483485677Z 2026-01-12T18:05:13.483251Z [info     ] Task execute_workload[53124576-06cd-4355-8554-0a876df227e9] received [celery.worker.strategy] loc=strategy.py:161
2026-01-12T18:05:13.486104281Z 2026-01-12T18:05:13.485283Z [info     ] Task execute_workload[f1e37c80-b435-4719-8998-1df3ae99dfb5] received [celery.worker.strategy] loc=strategy.py:161
2026-01-12T18:05:13.490652354Z 2026-01-12T18:05:13.490363Z [info     ] [53124576-06cd-4355-8554-0a876df227e9] Executing workload in Celery: token='eyJ***' ti=TaskInstance(id=UUID('019bb361-f57a-7f1b-8d21-aa12af3efbd8'), dag_version_id=UUID('019ba287-0464-7304-9e01-935a3bb99d6a'), task_id='cleanup_temp_files', dag_id='process', run_id='scheduled__2026-01-12T18:04:39.004540+00:00', try_number=1, map_index=-1, pool_slots=1, queue='default', priority_weight=4, executor_config=None, parent_context_carrier={}, context_carrier={}) dag_rel_path=PurePosixPath('process.py') bundle_info=BundleInfo(name='dags-folder', version=None) log_path='dag_id=process/run_id=scheduled__2026-01-12T18:04:39.004540+00:00/task_id=cleanup_temp_files/attempt=1.log' type='ExecuteTask' [airflow.providers.celery.executors.celery_executor_utils] loc=celery_executor_utils.py:156
2026-01-12T18:05:13.491677851Z 2026-01-12T18:05:13.491460Z [info     ] Secrets backends loaded for worker [supervisor] backend_classes=['EnvironmentVariablesBackend'] count=1 loc=supervisor.py:1975
2026-01-12T18:05:13.493810770Z 2026-01-12T18:05:13.493481Z [info     ] [f1e37c80-b435-4719-8998-1df3ae99dfb5] Executing workload in Celery: token='eyJ***' ti=TaskInstance(id=UUID('019bb361-f3c9-78a5-919d-167b273121a6'), dag_version_id=UUID('019ba287-0464-7304-9e01-935a3bb99d6a'), task_id='cleanup_temp_files', dag_id='process', run_id='manual__2026-01-12T18:04:58+00:00', try_number=1, map_index=-1, pool_slots=1, queue='default', priority_weight=4, executor_config=None, parent_context_carrier={}, context_carrier={}) dag_rel_path=PurePosixPath('process.py') bundle_info=BundleInfo(name='dags-folder', version=None) log_path='dag_id=process/run_id=manual__2026-01-12T18:04:58+00:00/task_id=cleanup_temp_files/attempt=1.log' type='ExecuteTask' [airflow.providers.celery.executors.celery_executor_utils] loc=celery_executor_utils.py:156
2026-01-12T18:05:13.495377966Z 2026-01-12T18:05:13.495117Z [info     ] Secrets backends loaded for worker [supervisor] backend_classes=['EnvironmentVariablesBackend'] count=1 loc=supervisor.py:1975
2026-01-12T18:05:14.118664057Z 2026-01-12T18:05:14.117384Z [info     ] Task finished                  [supervisor] duration=0.6228547449991311 exit_code=0 final_state=success loc=supervisor.py:1995 task_instance_id=019bb361-f3c9-78a5-919d-167b273121a6
2026-01-12T18:05:14.124658567Z 2026-01-12T18:05:14.124298Z [info     ] Task finished                  [supervisor] duration=0.6333290200000192 exit_code=0 final_state=success loc=supervisor.py:1995 task_instance_id=019bb361-f57a-7f1b-8d21-aa12af3efbd8
2026-01-12T18:05:14.127216688Z 2026-01-12T18:05:14.126279Z [info     ] Task execute_workload[f1e37c80-b435-4719-8998-1df3ae99dfb5] succeeded in 0.6389701280004374s: None [celery.app.trace] loc=trace.py:128
2026-01-12T18:05:14.131025687Z 2026-01-12T18:05:14.130780Z [info     ] Task execute_workload[53124576-06cd-4355-8554-0a876df227e9] succeeded in 0.6466572009994707s: None [celery.app.trace] loc=trace.py:128
2026-01-12T18:05:14.796162719Z 2026-01-12T18:05:14.795939Z [info     ] Task execute_workload[0aab4ef2-7013-42b6-a33a-dafcc034a053] received [celery.worker.strategy] loc=strategy.py:161
2026-01-12T18:05:14.798025279Z 2026-01-12T18:05:14.797796Z [info     ] Task execute_workload[2f3820fd-f046-45fe-b237-2728ed9eeb91] received [celery.worker.strategy] loc=strategy.py:161
2026-01-12T18:05:14.803318850Z 2026-01-12T18:05:14.803007Z [info     ] [0aab4ef2-7013-42b6-a33a-dafcc034a053] Executing workload in Celery: token='eyJ***' ti=TaskInstance(id=UUID('019bb361-f3ca-793b-8a2d-0a48354ecbdf'), dag_version_id=UUID('019ba287-0464-7304-9e01-935a3bb99d6a'), task_id='success_notification', dag_id='process', run_id='manual__2026-01-12T18:04:58+00:00', try_number=1, map_index=-1, pool_slots=1, queue='default', priority_weight=2, executor_config=None, parent_context_carrier={}, context_carrier={}) dag_rel_path=PurePosixPath('process.py') bundle_info=BundleInfo(name='dags-folder', version=None) log_path='dag_id=process/run_id=manual__2026-01-12T18:04:58+00:00/task_id=success_notification/attempt=1.log' type='ExecuteTask' [airflow.providers.celery.executors.celery_executor_utils] loc=celery_executor_utils.py:156
2026-01-12T18:05:14.804542979Z 2026-01-12T18:05:14.804240Z [info     ] Secrets backends loaded for worker [supervisor] backend_classes=['EnvironmentVariablesBackend'] count=1 loc=supervisor.py:1975
2026-01-12T18:05:14.806069037Z 2026-01-12T18:05:14.805111Z [info     ] [2f3820fd-f046-45fe-b237-2728ed9eeb91] Executing workload in Celery: token='eyJ***' ti=TaskInstance(id=UUID('019bb361-f57b-7beb-8ab3-7b0983f1c33c'), dag_version_id=UUID('019ba287-0464-7304-9e01-935a3bb99d6a'), task_id='success_notification', dag_id='process', run_id='scheduled__2026-01-12T18:04:39.004540+00:00', try_number=1, map_index=-1, pool_slots=1, queue='default', priority_weight=2, executor_config=None, parent_context_carrier={}, context_carrier={}) dag_rel_path=PurePosixPath('process.py') bundle_info=BundleInfo(name='dags-folder', version=None) log_path='dag_id=process/run_id=scheduled__2026-01-12T18:04:39.004540+00:00/task_id=success_notification/attempt=1.log' type='ExecuteTask' [airflow.providers.celery.executors.celery_executor_utils] loc=celery_executor_utils.py:156
2026-01-12T18:05:14.808348416Z 2026-01-12T18:05:14.807228Z [info     ] Secrets backends loaded for worker [supervisor] backend_classes=['EnvironmentVariablesBackend'] count=1 loc=supervisor.py:1975
2026-01-12T18:05:16.259454511Z 2026-01-12T18:05:16.258705Z [info     ] Task finished                  [supervisor] duration=1.4551114910009346 exit_code=0 final_state=success loc=supervisor.py:1995 task_instance_id=019bb361-f3ca-793b-8a2d-0a48354ecbdf
2026-01-12T18:05:16.259488314Z 2026-01-12T18:05:16.258821Z [info     ] Task finished                  [supervisor] duration=1.4530896910000592 exit_code=0 final_state=success loc=supervisor.py:1995 task_instance_id=019bb361-f57b-7beb-8ab3-7b0983f1c33c
2026-01-12T18:05:16.265212883Z 2026-01-12T18:05:16.264977Z [info     ] Task execute_workload[0aab4ef2-7013-42b6-a33a-dafcc034a053] succeeded in 1.4681342500007304s: None [celery.app.trace] loc=trace.py:128
2026-01-12T18:05:16.267239433Z 2026-01-12T18:05:16.267021Z [info     ] Task execute_workload[2f3820fd-f046-45fe-b237-2728ed9eeb91] succeeded in 1.4682967730004748s: None [celery.app.trace] loc=trace.py:128
2026-01-12T18:10:24.578098407Z 2026-01-12T18:10:24.577745Z [info     ] Task execute_workload[82226d08-83ca-47ff-bbcc-64eb2f8e031b] received [celery.worker.strategy] loc=strategy.py:161
2026-01-12T18:10:24.598424176Z 2026-01-12T18:10:24.597177Z [info     ] [82226d08-83ca-47ff-bbcc-64eb2f8e031b] Executing workload in Celery: token='eyJ***' ti=TaskInstance(id=UUID('019bb366-e069-7e21-9ce9-8a53348b5815'), dag_version_id=UUID('019ba287-0464-7304-9e01-935a3bb99d6a'), task_id='read_data', dag_id='process', run_id='manual__2026-01-12T18:10:20+00:00', try_number=1, map_index=-1, pool_slots=1, queue='default', priority_weight=11, executor_config=None, parent_context_carrier={}, context_carrier={}) dag_rel_path=PurePosixPath('process.py') bundle_info=BundleInfo(name='dags-folder', version=None) log_path='dag_id=process/run_id=manual__2026-01-12T18:10:20+00:00/task_id=read_data/attempt=1.log' type='ExecuteTask' [airflow.providers.celery.executors.celery_executor_utils] loc=celery_executor_utils.py:156
2026-01-12T18:10:24.601246301Z 2026-01-12T18:10:24.599229Z [info     ] Secrets backends loaded for worker [supervisor] backend_classes=['EnvironmentVariablesBackend'] count=1 loc=supervisor.py:1975
2026-01-12T18:10:25.015857684Z 2026-01-12T18:10:25.015545Z [info     ] Task finished                  [supervisor] duration=0.4176621010010422 exit_code=1 final_state=up_for_retry loc=supervisor.py:1995 task_instance_id=019bb366-e069-7e21-9ce9-8a53348b5815
2026-01-12T18:10:25.022876085Z 2026-01-12T18:10:25.022473Z [info     ] Task execute_workload[82226d08-83ca-47ff-bbcc-64eb2f8e031b] succeeded in 0.44154990800052474s: None [celery.app.trace] loc=trace.py:128
2026-01-12T18:21:08.269078471Z 2026-01-12T18:21:08.268783Z [info     ] Task execute_workload[6ebc860e-23a3-468d-941b-8f210609dc1a] received [celery.worker.strategy] loc=strategy.py:161
2026-01-12T18:21:08.279190895Z 2026-01-12T18:21:08.277211Z [info     ] [6ebc860e-23a3-468d-941b-8f210609dc1a] Executing workload in Celery: token='eyJ***' ti=TaskInstance(id=UUID('019bb370-b30f-737f-87ba-d450e7443667'), dag_version_id=UUID('019bb36b-90ab-7884-a7e8-24e8a089d846'), task_id='read_data', dag_id='process', run_id='manual__2026-01-12T18:21:04+00:00', try_number=1, map_index=-1, pool_slots=1, queue='default', priority_weight=11, executor_config=None, parent_context_carrier={}, context_carrier={}) dag_rel_path=PurePosixPath('process.py') bundle_info=BundleInfo(name='dags-folder', version=None) log_path='dag_id=process/run_id=manual__2026-01-12T18:21:04+00:00/task_id=read_data/attempt=1.log' type='ExecuteTask' [airflow.providers.celery.executors.celery_executor_utils] loc=celery_executor_utils.py:156
2026-01-12T18:21:08.279224279Z 2026-01-12T18:21:08.278428Z [info     ] Secrets backends loaded for worker [supervisor] backend_classes=['EnvironmentVariablesBackend'] count=1 loc=supervisor.py:1975
2026-01-12T18:21:08.774111658Z 2026-01-12T18:21:08.771972Z [info     ] Task finished                  [supervisor] duration=0.49413259100037976 exit_code=0 final_state=success loc=supervisor.py:1995 task_instance_id=019bb370-b30f-737f-87ba-d450e7443667
2026-01-12T18:21:08.781223229Z 2026-01-12T18:21:08.780500Z [info     ] Task execute_workload[6ebc860e-23a3-468d-941b-8f210609dc1a] succeeded in 0.5103632159989502s: None [celery.app.trace] loc=trace.py:128
2026-01-12T18:21:09.306094476Z 2026-01-12T18:21:09.305053Z [info     ] Task execute_workload[b754f98e-d104-446f-8bf6-10a70ebdfe0b] received [celery.worker.strategy] loc=strategy.py:161
2026-01-12T18:21:09.313664005Z 2026-01-12T18:21:09.313200Z [info     ] [b754f98e-d104-446f-8bf6-10a70ebdfe0b] Executing workload in Celery: token='eyJ***' ti=TaskInstance(id=UUID('019bb370-b310-71e4-ad43-c58f9a45c45e'), dag_version_id=UUID('019bb36b-90ab-7884-a7e8-24e8a089d846'), task_id='analyze_data', dag_id='process', run_id='manual__2026-01-12T18:21:04+00:00', try_number=1, map_index=-1, pool_slots=1, queue='default', priority_weight=10, executor_config=None, parent_context_carrier={}, context_carrier={}) dag_rel_path=PurePosixPath('process.py') bundle_info=BundleInfo(name='dags-folder', version=None) log_path='dag_id=process/run_id=manual__2026-01-12T18:21:04+00:00/task_id=analyze_data/attempt=1.log' type='ExecuteTask' [airflow.providers.celery.executors.celery_executor_utils] loc=celery_executor_utils.py:156
2026-01-12T18:21:09.315701939Z 2026-01-12T18:21:09.315363Z [info     ] Secrets backends loaded for worker [supervisor] backend_classes=['EnvironmentVariablesBackend'] count=1 loc=supervisor.py:1975
2026-01-12T18:21:09.731706978Z 2026-01-12T18:21:09.731104Z [info     ] Task finished                  [supervisor] duration=0.4167264420011634 exit_code=0 final_state=success loc=supervisor.py:1995 task_instance_id=019bb370-b310-71e4-ad43-c58f9a45c45e
2026-01-12T18:21:09.738543230Z 2026-01-12T18:21:09.737842Z [info     ] Task execute_workload[b754f98e-d104-446f-8bf6-10a70ebdfe0b] succeeded in 0.4315700659990398s: None [celery.app.trace] loc=trace.py:128
2026-01-12T18:21:10.459983781Z 2026-01-12T18:21:10.459027Z [info     ] Task execute_workload[71447a6a-f77d-4a5a-98c6-38ff4c561cfa] received [celery.worker.strategy] loc=strategy.py:161
2026-01-12T18:21:10.466081170Z 2026-01-12T18:21:10.465573Z [info     ] [71447a6a-f77d-4a5a-98c6-38ff4c561cfa] Executing workload in Celery: token='eyJ***' ti=TaskInstance(id=UUID('019bb370-b311-73ae-bc07-685d33d8cc4a'), dag_version_id=UUID('019bb36b-90ab-7884-a7e8-24e8a089d846'), task_id='branch_on_analysis', dag_id='process', run_id='manual__2026-01-12T18:21:04+00:00', try_number=1, map_index=-1, pool_slots=1, queue='default', priority_weight=9, executor_config=None, parent_context_carrier={}, context_carrier={}) dag_rel_path=PurePosixPath('process.py') bundle_info=BundleInfo(name='dags-folder', version=None) log_path='dag_id=process/run_id=manual__2026-01-12T18:21:04+00:00/task_id=branch_on_analysis/attempt=1.log' type='ExecuteTask' [airflow.providers.celery.executors.celery_executor_utils] loc=celery_executor_utils.py:156
2026-01-12T18:21:10.468065954Z 2026-01-12T18:21:10.467827Z [info     ] Secrets backends loaded for worker [supervisor] backend_classes=['EnvironmentVariablesBackend'] count=1 loc=supervisor.py:1975
2026-01-12T18:21:10.964936789Z 2026-01-12T18:21:10.964624Z [info     ] Task finished                  [supervisor] duration=0.4975946129998192 exit_code=0 final_state=success loc=supervisor.py:1995 task_instance_id=019bb370-b311-73ae-bc07-685d33d8cc4a
2026-01-12T18:21:10.973007647Z 2026-01-12T18:21:10.972638Z [info     ] Task execute_workload[71447a6a-f77d-4a5a-98c6-38ff4c561cfa] succeeded in 0.5125791089994891s: None [celery.app.trace] loc=trace.py:128
2026-01-12T18:21:11.645720073Z 2026-01-12T18:21:11.645407Z [info     ] Task execute_workload[2a62243b-d854-48ad-b55a-696cc6367930] received [celery.worker.strategy] loc=strategy.py:161
2026-01-12T18:21:11.652340303Z 2026-01-12T18:21:11.651847Z [info     ] [2a62243b-d854-48ad-b55a-696cc6367930] Executing workload in Celery: token='eyJ***' ti=TaskInstance(id=UUID('019bb370-b312-71fb-977d-737ff359f90d'), dag_version_id=UUID('019bb36b-90ab-7884-a7e8-24e8a089d846'), task_id='process_high_earn_employees', dag_id='process', run_id='manual__2026-01-12T18:21:04+00:00', try_number=1, map_index=-1, pool_slots=1, queue='default', priority_weight=7, executor_config=None, parent_context_carrier={}, context_carrier={}) dag_rel_path=PurePosixPath('process.py') bundle_info=BundleInfo(name='dags-folder', version=None) log_path='dag_id=process/run_id=manual__2026-01-12T18:21:04+00:00/task_id=process_high_earn_employees/attempt=1.log' type='ExecuteTask' [airflow.providers.celery.executors.celery_executor_utils] loc=celery_executor_utils.py:156
2026-01-12T18:21:11.653756708Z 2026-01-12T18:21:11.653540Z [info     ] Secrets backends loaded for worker [supervisor] backend_classes=['EnvironmentVariablesBackend'] count=1 loc=supervisor.py:1975
2026-01-12T18:21:12.069364204Z 2026-01-12T18:21:12.068821Z [info     ] Task finished                  [supervisor] duration=0.41588805300125387 exit_code=0 final_state=success loc=supervisor.py:1995 task_instance_id=019bb370-b312-71fb-977d-737ff359f90d
2026-01-12T18:21:12.076710167Z 2026-01-12T18:21:12.076283Z [info     ] Task execute_workload[2a62243b-d854-48ad-b55a-696cc6367930] succeeded in 0.42962516199986567s: None [celery.app.trace] loc=trace.py:128
2026-01-12T18:21:13.900060311Z 2026-01-12T18:21:13.898966Z [info     ] Task execute_workload[0e45e022-d59c-4cc0-86aa-b48be267d695] received [celery.worker.strategy] loc=strategy.py:161
2026-01-12T18:21:13.908562796Z 2026-01-12T18:21:13.908010Z [info     ] [0e45e022-d59c-4cc0-86aa-b48be267d695] Executing workload in Celery: token='eyJ***' ti=TaskInstance(id=UUID('019bb370-b315-7c41-9d80-eabe9505c232'), dag_version_id=UUID('019bb36b-90ab-7884-a7e8-24e8a089d846'), task_id='generate_report', dag_id='process', run_id='manual__2026-01-12T18:21:04+00:00', try_number=1, map_index=-1, pool_slots=1, queue='default', priority_weight=5, executor_config=None, parent_context_carrier={}, context_carrier={}) dag_rel_path=PurePosixPath('process.py') bundle_info=BundleInfo(name='dags-folder', version=None) log_path='dag_id=process/run_id=manual__2026-01-12T18:21:04+00:00/task_id=generate_report/attempt=1.log' type='ExecuteTask' [airflow.providers.celery.executors.celery_executor_utils] loc=celery_executor_utils.py:156
2026-01-12T18:21:13.912038437Z 2026-01-12T18:21:13.909862Z [info     ] Secrets backends loaded for worker [supervisor] backend_classes=['EnvironmentVariablesBackend'] count=1 loc=supervisor.py:1975
2026-01-12T18:21:14.344259994Z 2026-01-12T18:21:14.343625Z [info     ] Task finished                  [supervisor] duration=0.43432116099938867 exit_code=0 final_state=success loc=supervisor.py:1995 task_instance_id=019bb370-b315-7c41-9d80-eabe9505c232
2026-01-12T18:21:14.350027167Z 2026-01-12T18:21:14.349673Z [info     ] Task execute_workload[0e45e022-d59c-4cc0-86aa-b48be267d695] succeeded in 0.44913300599910144s: None [celery.app.trace] loc=trace.py:128
2026-01-12T18:21:15.045801303Z 2026-01-12T18:21:15.045571Z [info     ] Task execute_workload[03b0d434-89e0-4a0f-9d3d-e7f7905f0bdd] received [celery.worker.strategy] loc=strategy.py:161
2026-01-12T18:21:15.053000247Z 2026-01-12T18:21:15.051467Z [info     ] [03b0d434-89e0-4a0f-9d3d-e7f7905f0bdd] Executing workload in Celery: token='eyJ***' ti=TaskInstance(id=UUID('019bb370-b316-7db7-bcb4-7971737b8c78'), dag_version_id=UUID('019bb36b-90ab-7884-a7e8-24e8a089d846'), task_id='cleanup_temp_files', dag_id='process', run_id='manual__2026-01-12T18:21:04+00:00', try_number=1, map_index=-1, pool_slots=1, queue='default', priority_weight=4, executor_config=None, parent_context_carrier={}, context_carrier={}) dag_rel_path=PurePosixPath('process.py') bundle_info=BundleInfo(name='dags-folder', version=None) log_path='dag_id=process/run_id=manual__2026-01-12T18:21:04+00:00/task_id=cleanup_temp_files/attempt=1.log' type='ExecuteTask' [airflow.providers.celery.executors.celery_executor_utils] loc=celery_executor_utils.py:156
2026-01-12T18:21:15.055145459Z 2026-01-12T18:21:15.053962Z [info     ] Secrets backends loaded for worker [supervisor] backend_classes=['EnvironmentVariablesBackend'] count=1 loc=supervisor.py:1975
2026-01-12T18:21:15.479364114Z 2026-01-12T18:21:15.479050Z [info     ] Task finished                  [supervisor] duration=0.426592810999864 exit_code=0 final_state=success loc=supervisor.py:1995 task_instance_id=019bb370-b316-7db7-bcb4-7971737b8c78
2026-01-12T18:21:15.484347865Z 2026-01-12T18:21:15.484129Z [info     ] Task execute_workload[03b0d434-89e0-4a0f-9d3d-e7f7905f0bdd] succeeded in 0.4377254939990962s: None [celery.app.trace] loc=trace.py:128
2026-01-12T18:21:15.582221634Z 2026-01-12T18:21:15.581967Z [info     ] Task execute_workload[32684c6f-40a1-43ef-ba7b-fd93e79efefc] received [celery.worker.strategy] loc=strategy.py:161
2026-01-12T18:21:15.591256458Z 2026-01-12T18:21:15.590112Z [info     ] [32684c6f-40a1-43ef-ba7b-fd93e79efefc] Executing workload in Celery: token='eyJ***' ti=TaskInstance(id=UUID('019bb370-b317-7746-bf53-58a9566ac5b0'), dag_version_id=UUID('019bb36b-90ab-7884-a7e8-24e8a089d846'), task_id='success_notification', dag_id='process', run_id='manual__2026-01-12T18:21:04+00:00', try_number=1, map_index=-1, pool_slots=1, queue='default', priority_weight=2, executor_config=None, parent_context_carrier={}, context_carrier={}) dag_rel_path=PurePosixPath('process.py') bundle_info=BundleInfo(name='dags-folder', version=None) log_path='dag_id=process/run_id=manual__2026-01-12T18:21:04+00:00/task_id=success_notification/attempt=1.log' type='ExecuteTask' [airflow.providers.celery.executors.celery_executor_utils] loc=celery_executor_utils.py:156
2026-01-12T18:21:15.592355429Z 2026-01-12T18:21:15.591874Z [info     ] Secrets backends loaded for worker [supervisor] backend_classes=['EnvironmentVariablesBackend'] count=1 loc=supervisor.py:1975
2026-01-12T18:21:17.166322848Z 2026-01-12T18:21:17.164702Z [info     ] Task finished                  [supervisor] duration=1.5739468850006233 exit_code=0 final_state=success loc=supervisor.py:1995 task_instance_id=019bb370-b317-7746-bf53-58a9566ac5b0
2026-01-12T18:21:17.171066619Z 2026-01-12T18:21:17.170776Z [info     ] Task execute_workload[32684c6f-40a1-43ef-ba7b-fd93e79efefc] succeeded in 1.5876706540002488s: None [celery.app.trace] loc=trace.py:128
