andrey@hp ~/dev/edu/yandex.practicum.microservices/msa-project-5/task-4/complete (tasks)
❯ ./gradlew build

Deprecated Gradle features were used in this build, making it incompatible with Gradle 9.0.

You can use '--warning-mode all' to show the individual deprecation warnings and determine if they come from your own scripts or plugins.

For more on this, please refer to https://docs.gradle.org/8.8/userguide/command_line_interface.html#sec:command_line_warnings in the Gradle documentation.

BUILD SUCCESSFUL in 1s
5 actionable tasks: 5 up-to-date
andrey@hp ~/dev/edu/yandex.practicum.microservices/msa-project-5/task-4/complete (tasks)
❯ docker compose up --build
[+] Building 1.9s (9/9) FINISHED
 => [internal] load build definition from Dockerfile                                                                                                         0.0s
 => => transferring dockerfile: 31B                                                                                                                          0.0s
 => [internal] load .dockerignore                                                                                                                            0.0s
 => => transferring context: 2B                                                                                                                              0.0s
 => [internal] load metadata for docker.io/library/eclipse-temurin:17-jre-jammy                                                                              1.8s
 => [auth] library/eclipse-temurin:pull token for registry-1.docker.io                                                                                       0.0s
 => [1/3] FROM docker.io/library/eclipse-temurin:17-jre-jammy@sha256:d286b5352d98777bbf727f54038b04f0145cd9b76ca83f38a67aa111d4303748                        0.0s
 => [internal] load build context                                                                                                                            0.0s
 => => transferring context: 197B                                                                                                                            0.0s
 => CACHED [2/3] WORKDIR /app                                                                                                                                0.0s
 => CACHED [3/3] COPY build/libs/*.jar app.jar                                                                                                               0.0s
 => exporting to image                                                                                                                                       0.0s
 => => exporting layers                                                                                                                                      0.0s
 => => writing image sha256:40b600a2cda7c5a4b3852afbebc7fa29702a3be151326a5e55d3bf7a6dbef69d                                                                 0.0s
 => => naming to docker.io/library/batch-processing                                                                                                          0.0s

Use 'docker scan' to run Snyk tests against images to find vulnerabilities and learn how to fix them
[+] Running 3/3
 ⠿ Network complete_default         Created                                                                                                                  0.1s
 ⠿ Container complete-postgresdb-1  Created                                                                                                                  0.1s
 ⠿ Container complete-app-1         Created                                                                                                                  0.1s
Attaching to complete-app-1, complete-postgresdb-1
complete-postgresdb-1  |
complete-postgresdb-1  | PostgreSQL Database directory appears to contain a database; Skipping initialization
complete-postgresdb-1  |
complete-postgresdb-1  | 2026-01-11 11:18:51.847 UTC [1] LOG:  starting PostgreSQL 17.5 (Debian 17.5-1.pgdg130+1) on x86_64-pc-linux-gnu, compiled by gcc (Debian 14.2.0-19) 14.2.0, 64-bit
complete-postgresdb-1  | 2026-01-11 11:18:51.848 UTC [1] LOG:  listening on IPv4 address "0.0.0.0", port 5432
complete-postgresdb-1  | 2026-01-11 11:18:51.848 UTC [1] LOG:  listening on IPv6 address "::", port 5432
complete-postgresdb-1  | 2026-01-11 11:18:51.855 UTC [1] LOG:  listening on Unix socket "/var/run/postgresql/.s.PGSQL.5432"
complete-postgresdb-1  | 2026-01-11 11:18:51.865 UTC [29] LOG:  database system was shut down at 2026-01-11 11:16:10 UTC
complete-postgresdb-1  | 2026-01-11 11:18:51.872 UTC [1] LOG:  database system is ready to accept connections
complete-app-1         |
complete-app-1         |   .   ____          _            __ _ _
complete-app-1         |  /\\ / ___'_ __ _ _(_)_ __  __ _ \ \ \ \
complete-app-1         | ( ( )\___ | '_ | '_| | '_ \/ _` | \ \ \ \
complete-app-1         |  \\/  ___)| |_)| | | | | || (_| |  ) ) ) )
complete-app-1         |   '  |____| .__|_| |_|_| |_\__, | / / / /
complete-app-1         |  =========|_|==============|___/=/_/_/_/
complete-app-1         |
complete-app-1         |  :: Spring Boot ::                (v3.5.3)
complete-app-1         |
complete-app-1         | 2026-01-11T11:18:53.289Z  INFO 1 --- [           main] c.e.b.BatchProcessingApplication         : Starting BatchProcessingApplication v0.0.1-SNAPSHOT using Java 17.0.17 with PID 1 (/app/app.jar started by root in /app)
complete-app-1         | 2026-01-11T11:18:53.294Z  INFO 1 --- [           main] c.e.b.BatchProcessingApplication         : No active profile set, falling back to 1 default profile: "default"
complete-app-1         | 2026-01-11T11:18:54.131Z  INFO 1 --- [           main] com.zaxxer.hikari.HikariDataSource       : HikariPool-1 - Starting...
complete-app-1         | 2026-01-11T11:18:54.394Z  INFO 1 --- [           main] com.zaxxer.hikari.pool.HikariPool        : HikariPool-1 - Added connection org.postgresql.jdbc.PgConnection@7e2f86e6
complete-app-1         | 2026-01-11T11:18:54.396Z  INFO 1 --- [           main] com.zaxxer.hikari.HikariDataSource       : HikariPool-1 - Start completed.
complete-postgresdb-1  | 2026-01-11 11:18:54.460 UTC [33] ERROR:  relation "batch_job_instance" already exists
complete-postgresdb-1  | 2026-01-11 11:18:54.460 UTC [33] STATEMENT:  CREATE TABLE BATCH_JOB_INSTANCE ( JOB_INSTANCE_ID BIGINT NOT NULL PRIMARY KEY , VERSION BIGINT , JOB_NAME VARCHAR(100) NOT NULL, JOB_KEY VARCHAR(32) NOT NULL, constraint JOB_INST_UN unique (JOB_NAME, JOB_KEY) )
complete-postgresdb-1  | 2026-01-11 11:18:54.464 UTC [33] ERROR:  relation "batch_job_execution" already exists
complete-postgresdb-1  | 2026-01-11 11:18:54.464 UTC [33] STATEMENT:  CREATE TABLE BATCH_JOB_EXECUTION ( JOB_EXECUTION_ID BIGINT NOT NULL PRIMARY KEY , VERSION BIGINT , JOB_INSTANCE_ID BIGINT NOT NULL, CREATE_TIME TIMESTAMP NOT NULL, START_TIME TIMESTAMP DEFAULT NULL , END_TIME TIMESTAMP DEFAULT NULL , STATUS VARCHAR(10) , EXIT_CODE VARCHAR(2500) , EXIT_MESSAGE VARCHAR(2500) , LAST_UPDATED TIMESTAMP, constraint JOB_INST_EXEC_FK foreign key (JOB_INSTANCE_ID) references BATCH_JOB_INSTANCE(JOB_INSTANCE_ID) )
complete-postgresdb-1  | 2026-01-11 11:18:54.465 UTC [33] ERROR:  relation "batch_job_execution_params" already exists
complete-postgresdb-1  | 2026-01-11 11:18:54.465 UTC [33] STATEMENT:  CREATE TABLE BATCH_JOB_EXECUTION_PARAMS ( JOB_EXECUTION_ID BIGINT NOT NULL , PARAMETER_NAME VARCHAR(100) NOT NULL , PARAMETER_TYPE VARCHAR(100) NOT NULL , PARAMETER_VALUE VARCHAR(2500) , IDENTIFYING CHAR(1) NOT NULL , constraint JOB_EXEC_PARAMS_FK foreign key (JOB_EXECUTION_ID) references BATCH_JOB_EXECUTION(JOB_EXECUTION_ID) )
complete-postgresdb-1  | 2026-01-11 11:18:54.468 UTC [33] ERROR:  relation "batch_step_execution" already exists
complete-postgresdb-1  | 2026-01-11 11:18:54.468 UTC [33] STATEMENT:  CREATE TABLE BATCH_STEP_EXECUTION ( STEP_EXECUTION_ID BIGINT NOT NULL PRIMARY KEY , VERSION BIGINT NOT NULL, STEP_NAME VARCHAR(100) NOT NULL, JOB_EXECUTION_ID BIGINT NOT NULL, CREATE_TIME TIMESTAMP NOT NULL, START_TIME TIMESTAMP DEFAULT NULL , END_TIME TIMESTAMP DEFAULT NULL , STATUS VARCHAR(10) , COMMIT_COUNT BIGINT , READ_COUNT BIGINT , FILTER_COUNT BIGINT , WRITE_COUNT BIGINT , READ_SKIP_COUNT BIGINT , WRITE_SKIP_COUNT BIGINT , PROCESS_SKIP_COUNT BIGINT , ROLLBACK_COUNT BIGINT , EXIT_CODE VARCHAR(2500) , EXIT_MESSAGE VARCHAR(2500) , LAST_UPDATED TIMESTAMP, constraint JOB_EXEC_STEP_FK foreign key (JOB_EXECUTION_ID) references BATCH_JOB_EXECUTION(JOB_EXECUTION_ID) )
complete-postgresdb-1  | 2026-01-11 11:18:54.469 UTC [33] ERROR:  relation "batch_step_execution_context" already exists
complete-postgresdb-1  | 2026-01-11 11:18:54.469 UTC [33] STATEMENT:  CREATE TABLE BATCH_STEP_EXECUTION_CONTEXT ( STEP_EXECUTION_ID BIGINT NOT NULL PRIMARY KEY, SHORT_CONTEXT VARCHAR(2500) NOT NULL, SERIALIZED_CONTEXT TEXT , constraint STEP_EXEC_CTX_FK foreign key (STEP_EXECUTION_ID) references BATCH_STEP_EXECUTION(STEP_EXECUTION_ID) )
complete-postgresdb-1  | 2026-01-11 11:18:54.470 UTC [33] ERROR:  relation "batch_job_execution_context" already exists
complete-postgresdb-1  | 2026-01-11 11:18:54.470 UTC [33] STATEMENT:  CREATE TABLE BATCH_JOB_EXECUTION_CONTEXT ( JOB_EXECUTION_ID BIGINT NOT NULL PRIMARY KEY, SHORT_CONTEXT VARCHAR(2500) NOT NULL, SERIALIZED_CONTEXT TEXT , constraint JOB_EXEC_CTX_FK foreign key (JOB_EXECUTION_ID) references BATCH_JOB_EXECUTION(JOB_EXECUTION_ID) )
complete-postgresdb-1  | 2026-01-11 11:18:54.474 UTC [33] ERROR:  relation "batch_step_execution_seq" already exists
complete-postgresdb-1  | 2026-01-11 11:18:54.474 UTC [33] STATEMENT:  CREATE SEQUENCE BATCH_STEP_EXECUTION_SEQ MAXVALUE 9223372036854775807 NO CYCLE
complete-postgresdb-1  | 2026-01-11 11:18:54.475 UTC [33] ERROR:  relation "batch_job_execution_seq" already exists
complete-postgresdb-1  | 2026-01-11 11:18:54.475 UTC [33] STATEMENT:  CREATE SEQUENCE BATCH_JOB_EXECUTION_SEQ MAXVALUE 9223372036854775807 NO CYCLE
complete-postgresdb-1  | 2026-01-11 11:18:54.476 UTC [33] ERROR:  relation "batch_job_seq" already exists
complete-postgresdb-1  | 2026-01-11 11:18:54.476 UTC [33] STATEMENT:  CREATE SEQUENCE BATCH_JOB_SEQ MAXVALUE 9223372036854775807 NO CYCLE
complete-app-1         | 2026-01-11T11:18:54.858Z  INFO 1 --- [           main] c.e.b.BatchProcessingApplication         : Started BatchProcessingApplication in 2.226 seconds (process running for 2.798)
complete-app-1         | 2026-01-11T11:18:54.863Z  INFO 1 --- [           main] o.s.b.a.b.JobLauncherApplicationRunner   : Running default command line with: []
complete-app-1         | 2026-01-11T11:18:54.962Z  INFO 1 --- [           main] o.s.b.c.l.s.TaskExecutorJobLauncher      : Job: [SimpleJob: [name=importProductJob]] launched with the following parameters: [{}]
complete-app-1         | 2026-01-11T11:18:55.000Z  INFO 1 --- [           main] o.s.batch.core.job.SimpleStepHandler     : Step already complete or not restartable, so no action to execute: StepExecution: id=1, version=4, name=step1, status=COMPLETED, exitStatus=COMPLETED, readCount=5, filterCount=0, writeCount=5 readSkipCount=0, writeSkipCount=0, processSkipCount=0, commitCount=2, rollbackCount=0, exitDescription=
complete-app-1         | 2026-01-11T11:18:55.001Z  INFO 1 --- [           main] c.e.b.JobCompletionNotificationListener  : !!! JOB FINISHED! Time to verify the results
complete-app-1         | 2026-01-11T11:18:55.008Z  INFO 1 --- [           main] c.e.b.JobCompletionNotificationListener  : Transformed <Product[productId=1, productSku=20001, productName=hammer, productAmount=45, productData=Loyality_off]> in the database.
complete-app-1         | 2026-01-11T11:18:55.018Z  INFO 1 --- [           main] c.e.b.JobCompletionNotificationListener  : Transformed <Product[productId=2, productSku=30001, productName=sink, productAmount=20, productData=Loyality_off]> in the database.
complete-app-1         | 2026-01-11T11:18:55.019Z  INFO 1 --- [           main] c.e.b.JobCompletionNotificationListener  : Transformed <Product[productId=3, productSku=40001, productName=roof_shell, productAmount=256, productData=Loyality_on]> in the database.
complete-app-1         | 2026-01-11T11:18:55.019Z  INFO 1 --- [           main] c.e.b.JobCompletionNotificationListener  : Transformed <Product[productId=4, productSku=50001, productName=priming, productAmount=67, productData=Loyality_off]> in the database.
complete-app-1         | 2026-01-11T11:18:55.019Z  INFO 1 --- [           main] c.e.b.JobCompletionNotificationListener  : Transformed <Product[productId=5, productSku=60001, productName=clapboard, productAmount=120, productData=Loyality_on]> in the database.
complete-app-1         | 2026-01-11T11:18:55.034Z  INFO 1 --- [           main] o.s.b.c.l.s.TaskExecutorJobLauncher      : Job: [SimpleJob: [name=importProductJob]] completed with the following parameters: [{}] and the following status: [COMPLETED] in 21ms
complete-app-1         | 2026-01-11T11:18:55.046Z  INFO 1 --- [           main] com.zaxxer.hikari.HikariDataSource       : HikariPool-1 - Shutdown initiated...
complete-app-1         | 2026-01-11T11:18:55.057Z  INFO 1 --- [           main] com.zaxxer.hikari.HikariDataSource       : HikariPool-1 - Shutdown completed.
complete-app-1 exited with code 0
^CGracefully stopping... (press Ctrl+C again to force)
[+] Running 2/2
 ⠿ Container complete-app-1         Stopped                                                                                                                  0.0s
 ⠿ Container complete-postgresdb-1  Stopped                                                                                                                  0.2s
canceled
andrey@hp ~/dev/edu/yandex.practicum.microservices/msa-project-5/task-4/complete (tasks) [1]
❯ docker compose exec postgresdb psql -U postgres -d productsdb
psql (17.5 (Debian 17.5-1.pgdg130+1))
Type "help" for help.

productsdb=# SELECT * FROM products;
 productid | productsku | productname | productamount | productdata
-----------+------------+-------------+---------------+--------------
         1 |      20001 | hammer      |            45 | Loyality_off
         2 |      30001 | sink        |            20 | Loyality_off
         3 |      40001 | roof_shell  |           256 | Loyality_on
         4 |      50001 | priming     |            67 | Loyality_off
         5 |      60001 | clapboard   |           120 | Loyality_on
(5 rows)

productsdb=#
